GowinSynthesis start
Running parser ...
ERROR (EX5998) : Cannot open Verilog file 'C:\development\FPGA-Companion\src\gen_uart.v'
ERROR (EX5998) : Cannot open Verilog file 'C:\development\FPGA-Companion\src\c1541\mist_sd_card.sv'
ERROR (EX5998) : Cannot open Verilog file 'C:\development\FPGA-Companion\src\cartridge.v'
ERROR (EX5998) : Cannot open Verilog file 'C:\development\FPGA-Companion\src\dualshock2.v'
ERROR (EX5998) : Cannot open Verilog file 'C:\development\FPGA-Companion\src\gowin_dpb\gowin_dpb_track_buffer_b.v'
ERROR (EX5998) : Cannot open Verilog file 'C:\development\FPGA-Companion\src\gowin_dpb\gowin_dpb_trkbuf.v'
ERROR (EX5998) : Cannot open Verilog file 'C:\development\FPGA-Companion\src\gowin_dpb\sector_dpram.v'
ERROR (EX5998) : Cannot open Verilog file 'C:\development\FPGA-Companion\src\hdmi\audio_clock_regeneration_packet.sv'
ERROR (EX5998) : Cannot open Verilog file 'C:\development\FPGA-Companion\src\hdmi\audio_info_frame.sv'
ERROR (EX5998) : Cannot open Verilog file 'C:\development\FPGA-Companion\src\hdmi\audio_sample_packet.sv'
ERROR (EX5998) : Cannot open Verilog file 'C:\development\FPGA-Companion\src\hdmi\auxiliary_video_information_info_frame.sv'
ERROR (EX5998) : Cannot open Verilog file 'C:\development\FPGA-Companion\src\hdmi\hdmi.sv'
ERROR (EX5998) : Cannot open Verilog file 'C:\development\FPGA-Companion\src\hdmi\packet_assembler.sv'
ERROR (EX5998) : Cannot open Verilog file 'C:\development\FPGA-Companion\src\hdmi\packet_picker.sv'
ERROR (EX5998) : Cannot open Verilog file 'C:\development\FPGA-Companion\src\hdmi\serializer.sv'
ERROR (EX5998) : Cannot open Verilog file 'C:\development\FPGA-Companion\src\hdmi\source_product_description_info_frame.sv'
ERROR (EX5998) : Cannot open Verilog file 'C:\development\FPGA-Companion\src\hdmi\tmds_channel.sv'
ERROR (EX5998) : Cannot open Verilog file 'C:\development\FPGA-Companion\src\misc\flash_dspi.v'
ERROR (EX5998) : Cannot open Verilog file 'C:\development\FPGA-Companion\src\misc\hid.v'
ERROR (EX5998) : Cannot open Verilog file 'C:\development\FPGA-Companion\src\misc\mcu_spi.v'
ERROR (EX5998) : Cannot open Verilog file 'C:\development\FPGA-Companion\src\misc\osd_u8g2.v'
ERROR (EX5998) : Cannot open Verilog file 'C:\development\FPGA-Companion\src\misc\scandoubler.v'
ERROR (EX5998) : Cannot open Verilog file 'C:\development\FPGA-Companion\src\misc\sd_card.v'
ERROR (EX5998) : Cannot open Verilog file 'C:\development\FPGA-Companion\src\misc\sd_rw.v'
ERROR (EX5998) : Cannot open Verilog file 'C:\development\FPGA-Companion\src\misc\sdcmd_ctrl.v'
ERROR (EX5998) : Cannot open Verilog file 'C:\development\FPGA-Companion\src\misc\sysctrl.v'
ERROR (EX5998) : Cannot open Verilog file 'C:\development\FPGA-Companion\src\misc\video.v'
ERROR (EX5998) : Cannot open Verilog file 'C:\development\FPGA-Companion\src\misc\video_analyzer.v'
ERROR (EX5998) : Cannot open Verilog file 'C:\development\FPGA-Companion\src\misc\ws2812.v'
ERROR (EX5998) : Cannot open Verilog file 'C:\development\FPGA-Companion\src\mos6526.v'
ERROR (EX5998) : Cannot open Verilog file 'C:\development\FPGA-Companion\src\reu.v'
ERROR (EX5998) : Cannot open Verilog file 'C:\development\FPGA-Companion\src\sdram.v'
ERROR (EX5998) : Cannot open Verilog file 'C:\development\FPGA-Companion\src\loader_sd_card.sv'
ERROR (EX5998) : Cannot open Verilog file 'C:\development\FPGA-Companion\src\fifo_sc_hs\fifo_sc_hs_top.v'
ERROR (EX5998) : Cannot open Verilog file 'C:\development\FPGA-Companion\src\sid\sid_dac.sv'
ERROR (EX5998) : Cannot open Verilog file 'C:\development\FPGA-Companion\src\sid\sid_envelope.sv'
ERROR (EX5998) : Cannot open Verilog file 'C:\development\FPGA-Companion\src\sid\sid_filter.sv'
ERROR (EX5998) : Cannot open Verilog file 'C:\development\FPGA-Companion\src\sid\sid_tables.sv'
ERROR (EX5998) : Cannot open Verilog file 'C:\development\FPGA-Companion\src\sid\sid_top.sv'
ERROR (EX5998) : Cannot open Verilog file 'C:\development\FPGA-Companion\src\sid\sid_voice.sv'
ERROR (EX5998) : Cannot open Verilog file 'C:\development\FPGA-Companion\src\uart6551\io_fifo.v'
ERROR (EX5998) : Cannot open Verilog file 'C:\development\FPGA-Companion\src\uart6551\uart_6551.v'
ERROR (EX5997) : Cannot open VHDL file 'C:\development\FPGA-Companion\src\gowin_rpll\gowin_rpll_flash.vhd'
ERROR (EX5997) : Cannot open VHDL file 'C:\development\FPGA-Companion\src\c1541\c1541_logic.vhd'
ERROR (EX5997) : Cannot open VHDL file 'C:\development\FPGA-Companion\src\c1541\c1541_sd.vhd'
ERROR (EX5997) : Cannot open VHDL file 'C:\development\FPGA-Companion\src\c1541\gcr_floppy.vhd'
ERROR (EX5997) : Cannot open VHDL file 'C:\development\FPGA-Companion\src\c1541\via6522.vhd'
ERROR (EX5997) : Cannot open VHDL file 'C:\development\FPGA-Companion\src\c64_midi.vhd'
ERROR (EX5997) : Cannot open VHDL file 'C:\development\FPGA-Companion\src\cpu_6510.vhd'
ERROR (EX5997) : Cannot open VHDL file 'C:\development\FPGA-Companion\src\fpga64_buslogic.vhd'
ERROR (EX5997) : Cannot open VHDL file 'C:\development\FPGA-Companion\src\fpga64_keyboard.vhd'
ERROR (EX5997) : Cannot open VHDL file 'C:\development\FPGA-Companion\src\fpga64_rgbcolor.vhd'
ERROR (EX5997) : Cannot open VHDL file 'C:\development\FPGA-Companion\src\fpga64_sid_iec.vhd'
ERROR (EX5997) : Cannot open VHDL file 'C:\development\FPGA-Companion\src\gowin_prom\gowin_prom_basic.vhd'
ERROR (EX5997) : Cannot open VHDL file 'C:\development\FPGA-Companion\src\gowin_sdpb\gowin_sdpb_kernal_8k.vhd'
ERROR (EX5997) : Cannot open VHDL file 'C:\development\FPGA-Companion\src\gowin_prom\gowin_prom_chargen.vhd'
ERROR (EX5997) : Cannot open VHDL file 'C:\development\FPGA-Companion\src\gowin_sp\gowin_sp_2k.vhd'
ERROR (EX5997) : Cannot open VHDL file 'C:\development\FPGA-Companion\src\gowin_sp\gowin_sp_8k.vhd'
ERROR (EX5997) : Cannot open VHDL file 'C:\development\FPGA-Companion\src\gowin_sp\gowin_sp_cram.vhd'
ERROR (EX5997) : Cannot open VHDL file 'C:\development\FPGA-Companion\src\t65\T65.vhd'
ERROR (EX5997) : Cannot open VHDL file 'C:\development\FPGA-Companion\src\t65\T65_ALU.vhd'
ERROR (EX5997) : Cannot open VHDL file 'C:\development\FPGA-Companion\src\t65\T65_MCode.vhd'
ERROR (EX5997) : Cannot open VHDL file 'C:\development\FPGA-Companion\src\t65\T65_Pack.vhd'
ERROR (EX5997) : Cannot open VHDL file 'C:\development\FPGA-Companion\src\tang\retrocade\c64nano.vhd'
ERROR (EX5997) : Cannot open VHDL file 'C:\development\FPGA-Companion\src\video_vicII_656x.vhd'
ERROR (EX5997) : Cannot open VHDL file 'C:\development\FPGA-Companion\src\c1530.vhd'
ERROR (EX5997) : Cannot open VHDL file 'C:\development\FPGA-Companion\src\uart6551\BaudRate.vhd'
GowinSynthesis finish
